***** External Functions *****
1    AddFolderIcon                                      isrt.obl(Shell.obs)
2    AppSearch                                          isrt.obl(Driver.obs)
3    CCPSearch                                          isrt.obl(Driver.obs)
4    CloseFile                                          isrt.obl(Files.obs)
5    CmdGetHwndDlg                                      isrt.obl(CustomDlg.obs)
6    ComponentCompareSizeRequired                       isrt.obl(component.obs)
7    ComponentErrorInfo                                 isrt.obl(component.obs)
8    ComponentFilterLanguage                            isrt.obl(component.obs)
9    ComponentFilterOS                                  isrt.obl(component.obs)
10   ComponentGetData                                   isrt.obl(component.obs)
11   ComponentGetTotalCost                              isrt.obl(component.obs)
12   ComponentIsItemSelected                            isrt.obl(component.obs)
13   ComponentListItems                                 isrt.obl(component.obs)
14   ComponentReinstall                                 isrt.obl(component.obs)
15   ComponentRemoveAll                                 isrt.obl(component.obs)
16   ComponentSaveTarget                                isrt.obl(component.obs)
17   ComponentSelectItem                                isrt.obl(component.obs)
18   ComponentTransferData                              isrt.obl(component.obs)
19   ComponentTreeInit                                  isrt.obl(Dialogs.obs)
20   CreateDir                                          isrt.obl(Files.obs)
21   CreateFile                                         isrt.obl(Files.obs)
22   CreateInstallationInfo                             isrt.obl(Registry.obs)
23   CreateRegistrySet                                  isrt.obl(component.obs)
24   CtrlGetNotificationCode                            isrt.obl(CustomDlg.obs)
25   CtrlGetState                                       isrt.obl(CustomDlg.obs)
26   CtrlGetText                                        isrt.obl(CustomDlg.obs)
27   CtrlSelectText                                     isrt.obl(CustomDlg.obs)
28   CtrlSetState                                       isrt.obl(CustomDlg.obs)
29   CtrlSetText                                        isrt.obl(CustomDlg.obs)
30   DefineDialog                                       isrt.obl(CustomDlg.obs)
31   Delay                                              isrt.obl(Misc.obs)
32   DeleteFile                                         isrt.obl(Files.obs)
33   DialogSetDefaultFont                               isrt.obl(Dialogs.obs)
34   DialogSetFont                                      isrt.obl(Dialogs.obs)
35   DialogSetInfo                                      isrt.obl(Dialogs.obs)
36   Disable                                            isrt.obl(Enable.obs)
37   DiskSizeToStr                                      isrt.obl(SDINT.obs)
38   Divide                                             isrt.obl(Misc.obs)
39   DllSizeOf                                          isrt.obl(Str.obs)
40   Do                                                 isrt.obl(Misc.obs)
41   Enable                                             isrt.obl(Enable.obs)
42   EndDialog                                          isrt.obl(CustomDlg.obs)
43   EnterDisk                                          isrt.obl(EnterDisk.obs)
44   ExistsDir                                          isrt.obl(Files.obs)
45   ExistsDisk                                         isrt.obl(Files.obs)
46   ExitInstall                                        isrt.obl(Driver.obs)
47   EzDefineDialog                                     isrt.obl(CustomDlg.obs)
48   FinalConstruct                                     ifx.obl(Events.obs)
49   FinalRelease                                       ifx.obl(Events.obs)
50   FindFile                                           isrt.obl(Files.obs)
51   FormatMessage                                      isrt.obl(Misc.obs)
52   GDI32.CreateRectRgn                                isrt.obl(AskDestPath.obs)
53   GDI32.GetDeviceCaps                                isrt.obl(AskDestPath.obs)
54   GetBillboard                                       isrt.obl(SysVars.obs)
55   GetCmdLine                                         isrt.obl(SysVars.obs)
56   GetCommonFiles                                     isrt.obl(SysVars.obs)
57   GetDialogTitle                                     isrt.obl(Dialogs.obs)
58   GetDir                                             isrt.obl(Str.obs)
59   GetDisk                                            isrt.obl(Str.obs)
60   GetDiskSpace                                       isrt.obl(GSI.obs)
61   GetDiskSpaceEx                                     isrt.obl(GSI.obs)
62   GetErrorMsg                                        isrt.obl(Dialogs.obs)
63   GetErrorTitle                                      isrt.obl(Dialogs.obs)
64   GetExtents                                         isrt.obl(GSI.obs)
65   GetFolderDesktop                                   isrt.obl(SysVars.obs)
66   GetFolderPrograms                                  isrt.obl(SysVars.obs)
67   GetISRes                                           isrt.obl(SysVars.obs)
68   GetLog                                             isrt.obl(SysVars.obs)
69   GetMaintenance                                     isrt.obl(SysVars.obs)
70   GetObject                                          isrt.obl(Objects.obs)
71   GetOpenFileMode                                    isrt.obl(Files.obs)
72   GetProductGUID                                     isrt.obl(SysVars.obs)
73   GetProfString                                      isrt.obl(Profile.obs)
74   GetProgramFiles                                    isrt.obl(SysVars.obs)
75   GetSelectedLanguage                                isrt.obl(SysVars.obs)
76   GetSelectedTreeComponent                           isrt.obl(CmptView.obs)
77   GetSupportDir                                      isrt.obl(SysVars.obs)
78   GetSystemInfo                                      isrt.obl(GSI.obs)
79   GetWinDir                                          isrt.obl(SysVars.obs)
80   GetWinSysDir                                       isrt.obl(SysVars.obs)
81   GetWinSysDisk                                      isrt.obl(SysVars.obs)
82   GetWindowHandle                                    isrt.obl(Misc.obs)
83   HIWORD                                             isrt.obl(Misc.obs)
84   HexStrToNum                                        isrt.obl(Str.obs)
85   ISDeterminePlatform                                isrt.obl(OsInfo.obs)
86   ISMIF32.InstallStatusMIF                           isrt.obl(MIF.obs)
87   ISRT.AddIcon                                       isrt.obl(Shell.obs)
88   ISRT.ComponentViewSetInfoEx                        isrt.obl(Dialogs.obs)
89   ISRT.EnableHourGlass                               isrt.obl(Enable.obs)
90   ISRT.GetCPUType                                    isrt.obl(GSI.obs)
91   ISRT.GetFontSub                                    isrt.obl(Dialogs.obs)
92   ISRT.GetHandle                                     Setup.Obs
93   ISRT.GetPorts                                      isrt.obl(GSI.obs)
94   ISRT.IsEmpty                                       Setup.Obs
95   ISRT.IsNTAdmin                                     isrt.obl(Is.obs)
96   ISRT.IsObject                                      Setup.Obs
97   ISRT.LangLoadString                                isrt.obl(SDINT.obs)
98   ISRT.LnchAppAndWait                                isrt.obl(Extend.obs)
99   ISRT.MessageBeepP                                  Setup.Obs
100  ISRT.PathCompactPathPixel                          isrt.obl(CustomDlg.obs)
101  ISRT.PathGetDir                                    isrt.obl(Str.obs)
102  ISRT.PathGetDrive                                  isrt.obl(Str.obs)
103  ISRT.PathGetFile                                   isrt.obl(Str.obs)
104  ISRT.PathGetFileExt                                isrt.obl(Str.obs)
105  ISRT.PathGetFileName                               isrt.obl(Str.obs)
106  ISRT.PathGetLongFromShort                          isrt.obl(Str.obs)
107  ISRT.PathGetPath                                   isrt.obl(Str.obs)
108  ISRT.PathGetSpecialFolder                          isrt.obl(SysVars.obs)
109  ISRT.PathIsValidSyntax                             isrt.obl(Is.obs)
110  ISRT._AppSearch                                    Setup.Obs
111  ISRT._BrowseForFolder                              isrt.obl(SelectDir.obs)
112  ISRT._CCPSearch                                    Setup.Obs
113  ISRT._CleanupInet                                  isrt.obl(MIO.obs)
114  ISRT._CloseFile                                    isrt.obl(Files.obs)
115  ISRT._CmdGetHwndDlg                                isrt.obl(CustomDlg.obs)
116  ISRT._ComponentCompareSizeRequired                 isrt.obl(component.obs)
117  ISRT._ComponentErrorInfo                           isrt.obl(component.obs)
118  ISRT._ComponentFilterLanguage                      isrt.obl(component.obs)
119  ISRT._ComponentFilterOS                            isrt.obl(component.obs)
120  ISRT._ComponentGetData                             isrt.obl(component.obs)
121  ISRT._ComponentGetTotalCost                        isrt.obl(component.obs)
122  ISRT._ComponentIsItemSelected                      isrt.obl(component.obs)
123  ISRT._ComponentListItems                           isrt.obl(component.obs)
124  ISRT._ComponentReinstall                           isrt.obl(component.obs)
125  ISRT._ComponentRemoveAll                           isrt.obl(component.obs)
126  ISRT._ComponentSaveTarget                          isrt.obl(component.obs)
127  ISRT._ComponentSelectItem                          isrt.obl(component.obs)
128  ISRT._ComponentTransferData                        isrt.obl(component.obs)
129  ISRT._CreateDir                                    isrt.obl(Files.obs)
130  ISRT._CreateRegistrySet                            isrt.obl(component.obs)
131  ISRT._CtrlGetNotificationCode                      isrt.obl(CustomDlg.obs)
132  ISRT._DefineDialog                                 isrt.obl(CustomDlg.obs)
133  ISRT._DialogSetFont                                isrt.obl(Dialogs.obs)
134  ISRT._DisableStatus                                isrt.obl(Enable.obs)
135  ISRT._Divide                                       isrt.obl(Misc.obs)
136  ISRT._DoSprintf                                    isrt.obl(MsgBox.obs)
137  ISRT._EnableDialogCache                            isrt.obl(Enable.obs)
138  ISRT._EnablePrevDialog                             isrt.obl(AskDestPath.obs)
139  ISRT._EnableStatus                                 isrt.obl(Enable.obs)
140  ISRT._EndDialog                                    isrt.obl(CustomDlg.obs)
141  ISRT._ExistsDir                                    isrt.obl(Files.obs)
142  ISRT._ExistsDisk                                   isrt.obl(Files.obs)
143  ISRT._ExistsFile                                   isrt.obl(Files.obs)
144  ISRT._ExitInstall                                  Setup.Obs
145  ISRT._GetDiskSpaceEx                               isrt.obl(GSI.obs)
146  ISRT._GetGlobalMemorySize                          isrt.obl(GSI.obs)
147  ISRT._GetObject                                    isrt.obl(Objects.obs)
148  ISRT._GetSelectedTreeComponent                     isrt.obl(CmptView.obs)
149  ISRT._GetSupportDir                                isrt.obl(SysVars.obs)
150  ISRT._InetEndofTransfer                            isrt.obl(iftw.obs)
151  ISRT._InetGetLastError                             isrt.obl(iftw.obs)
152  ISRT._InetGetNextDisk                              isrt.obl(iftw.obs)
153  ISRT._InitInstall                                  Setup.Obs
154  ISRT._ListAddItem                                  isrt.obl(scrlist.obs)
155  ISRT._ListAddString                                isrt.obl(scrlist.obs)
156  ISRT._ListCount                                    isrt.obl(scrlist.obs)
157  ISRT._ListCreate                                   isrt.obl(scrlist.obs)
158  ISRT._ListCurrentString                            isrt.obl(scrlist.obs)
159  ISRT._ListDeleteString                             isrt.obl(scrlist.obs)
160  ISRT._ListDestroy                                  isrt.obl(scrlist.obs)
161  ISRT._ListFindString                               isrt.obl(scrlist.obs)
162  ISRT._ListGetFirstItem                             isrt.obl(scrlist.obs)
163  ISRT._ListGetFirstString                           isrt.obl(scrlist.obs)
164  ISRT._ListGetNextItem                              isrt.obl(scrlist.obs)
165  ISRT._ListGetNextString                            isrt.obl(scrlist.obs)
166  ISRT._ListGetType                                  isrt.obl(scrlist.obs)
167  ISRT._ListSetIndex                                 isrt.obl(scrlist.obs)
168  ISRT._OpenFile                                     isrt.obl(Files.obs)
169  ISRT._Rebooted                                     Setup.Obs
170  ISRT._RegCreateKey                                 isrt.obl(Registry.obs)
171  ISRT._RegQueryKeyBinaryValue                       isrt.obl(Registry.obs)
172  ISRT._RegQueryKeyValue                             isrt.obl(Registry.obs)
173  ISRT._RegSetKeyBinaryValue                         isrt.obl(Registry.obs)
174  ISRT._RegSetKeyValue                               isrt.obl(Registry.obs)
175  ISRT._ReleaseDialog                                isrt.obl(CustomDlg.obs)
176  ISRT._SdShowMsg                                    isrt.obl(SDSMSG.obs)
177  ISRT._SetAltMainImage                              isrt.obl(Dialogs.obs)
178  ISRT._SetDisplayEffect                             isrt.obl(ui.obs)
179  ISRT._SetPaletteFile                               isrt.obl(MIO.obs)
180  ISRT._SetTitle                                     isrt.obl(ui.obs)
181  ISRT._SetupInet                                    isrt.obl(MIO.obs)
182  ISRT._ShowObjWizardPages                           isrt.obl(Objects.obs)
183  ISRT._ShowWizardPages                              Setup.Obs
184  ISRT._StatusUpdate                                 isrt.obl(ui.obs)
185  ISRT._TreeViewCreate                               isrt.obl(CmptView.obs)
186  ISRT._WaitOnDialog                                 isrt.obl(CustomDlg.obs)
187  ISRT._WriteLine                                    isrt.obl(Files.obs)
188  ISRT.__CreateObjectContext                         isrt.obl(ISRTInit.obs)
189  ISRT.__GetCmdLineOptions                           isrt.obl(ISRTInit.obs)
190  ISRT.__GetContextGUID                              isrt.obl(ISRTInit.obs)
191  ISRT.__GetFileRegistrar                            isrt.obl(ISRTInit.obs)
192  ISRT.__GetInfo                                     isrt.obl(ISRTInit.obs)
193  ISRT.__GetLog                                      isrt.obl(SysVars.obs)
194  ISRT.__GetLogDB                                    isrt.obl(ISRTInit.obs)
195  ISRT.__GetMainWindow                               Setup.Obs
196  ISRT.__GetMaintenanceMode                          isrt.obl(SysVars.obs)
197  ISRT.__GetObjects                                  isrt.obl(ISRTInit.obs)
198  ISRT.__GetProductGuid                              isrt.obl(SysVars.obs)
199  ISRT.__GetProgress                                 Setup.Obs
200  ISRT.__GetReboot                                   isrt.obl(ISRTInit.obs)
201  ISRT.__GetTextSub                                  isrt.obl(ISRTInit.obs)
202  ISRT.__GetUser                                     isrt.obl(MIO.obs)
203  ISRT.__ISRTGetPropertyBag                          ifx.obl(PersistPropertyBag.obs)
204  ISRT.__ISRTReleasePropertyBag                      ifx.obl(PersistPropertyBag.obs)
205  ISRT.__LoadString                                  isrt.obl(LoadStr.obs)
206  ISRT.__ReleaseObjectContext                        isrt.obl(ISRTInit.obs)
207  ISRT.__RestoreMainLog                              isrt.obl(ISRTInit.obs)
208  ISRT.__SetComponentLog                             isrt.obl(ISRTInit.obs)
209  IfxFilterComponents                                ifx.obl(MoveData.obs)
210  IfxFinalConstruct                                  ifx.obl(EventsMIO.obs)
211  IfxFinalRelease                                    ifx.obl(EventsMIO.obs)
212  IfxInitProperties                                  ifx.obl(PersistPropertyBag.obs)
213  IfxMoveFileData                                    ifx.obl(MoveData.obs)
214  IfxOnAbortInstall                                  ifx.obl(Events.obs)
215  IfxOnAppSearch                                     ifx.obl(Events.obs)
216  IfxOnCCPSearch                                     ifx.obl(Events.obs)
217  IfxOnCanceling                                     ifx.obl(Events.obs)
218  IfxOnDisk1Installed                                ifx.obl(EventsMIO.obs)
219  IfxOnDisk1Installing                               ifx.obl(EventsMIO.obs)
220  IfxOnExitInstall                                   ifx.obl(EventsMIO.obs)
221  IfxOnFileError                                     ifx.obl(Exceptions.obs)
222  IfxOnFileLocked                                    ifx.obl(Exceptions.obs)
223  IfxOnFileReadOnly                                  ifx.obl(Exceptions.obs)
224  IfxOnHelp                                          ifx.obl(Events.obs)
225  IfxOnInitInstall                                   ifx.obl(EventsMIO.obs)
226  IfxOnInternetError                                 ifx.obl(Exceptions.obs)
227  IfxOnMD5Error                                      ifx.obl(Exceptions.obs)
228  IfxOnNextDisk                                      ifx.obl(Exceptions.obs)
229  IfxOnRebooted                                      ifx.obl(Events.obs)
230  IfxOnRemovingSharedFile                            ifx.obl(Exceptions.obs)
231  IfxOnShowWizardPages                               ifx.obl(UserInterfaceMIO.obs)
232  IfxOnTransferred                                   ifx.obl(Events.obs)
233  IfxOnTransferring                                  ifx.obl(EventsMIO.obs)
234  IfxOnUnhandledException                            ifx.obl(Events.obs)
235  IfxReadProperties                                  ifx.obl(PersistPropertyBag.obs)
236  IfxRunAfterReboot                                  ifx.obl(Driver.obs)
237  IfxWriteProperties                                 ifx.obl(PersistPropertyBag.obs)
238  InetEndofTransfer                                  isrt.obl(iftw.obs)
239  InetErrorDisplayMode                               isrt.obl(iftw.obs)
240  InetGetLastError                                   isrt.obl(iftw.obs)
241  InetNextDisk                                       isrt.obl(iftw.obs)
242  InitInstall                                        isrt.obl(Driver.obs)
243  InitProperties                                     ifx.obl(PersistPropertyBag.obs)
244  Is                                                 isrt.obl(Is.obs)
245  IsInetInstall                                      isrt.obl(iftw.obs)
246  KERNEL.GetModuleHandle                             Setup.Obs
247  KERNEL32.CloseHandle                               isrt.obl(AskDestPath.obs)
248  KERNEL32.CreateFileA                               isrt.obl(AskDestPath.obs)
249  KERNEL32.DeleteFileA                               isrt.obl(AskDestPath.obs)
250  KERNEL32.FindClose                                 isrt.obl(AskDestPath.obs)
251  KERNEL32.FindFirstFileA                            isrt.obl(AskDestPath.obs)
252  KERNEL32.FindNextFileA                             isrt.obl(AskDestPath.obs)
253  KERNEL32.FormatMessageA                            isrt.obl(AskDestPath.obs)
254  KERNEL32.GetDriveType                              isrt.obl(AskDestPath.obs)
255  KERNEL32.GetFileAttributesA                        isrt.obl(AskDestPath.obs)
256  KERNEL32.GetLocalTime                              isrt.obl(AskDestPath.obs)
257  KERNEL32.GetLocaleInfo                             isrt.obl(AskDestPath.obs)
258  KERNEL32.GetPrivateProfileString                   isrt.obl(AskDestPath.obs)
259  KERNEL32.GetPrivateProfileStringA                  isrt.obl(AskDestPath.obs)
260  KERNEL32.GetProfileStringA                         isrt.obl(AskDestPath.obs)
261  KERNEL32.GetShortPathNameA                         isrt.obl(AskDestPath.obs)
262  KERNEL32.GetSystemDefaultLCID                      isrt.obl(AskDestPath.obs)
263  KERNEL32.GetUserDefaultLangID                      isrt.obl(AskDestPath.obs)
264  KERNEL32.GetVersion                                isrt.obl(AskDestPath.obs)
265  KERNEL32.GetVersionEx                              isrt.obl(AskDestPath.obs)
266  KERNEL32.GetVolumeInformation                      isrt.obl(AskDestPath.obs)
267  KERNEL32.GetWindowsDirectory                       isrt.obl(AskDestPath.obs)
268  KERNEL32.SetFileAttributesA                        isrt.obl(AskDestPath.obs)
269  KERNEL32.Sleep                                     isrt.obl(AskDestPath.obs)
270  KERNEL32.WritePrivateProfileString                 isrt.obl(AskDestPath.obs)
271  KERNEL32.WritePrivateProfileStringA                isrt.obl(AskDestPath.obs)
272  KERNEL32.WriteProfileStringA                       isrt.obl(AskDestPath.obs)
273  KERNEL32.lstrlen                                   isrt.obl(AskDestPath.obs)
274  LOWORD                                             isrt.obl(Misc.obs)
275  LaunchApp                                          isrt.obl(Extend.obs)
276  LaunchAppAndWait                                   isrt.obl(Extend.obs)
277  ListAddItem                                        isrt.obl(scrlist.obs)
278  ListAddString                                      isrt.obl(scrlist.obs)
279  ListCount                                          isrt.obl(scrlist.obs)
280  ListCreate                                         isrt.obl(scrlist.obs)
281  ListCurrentString                                  isrt.obl(scrlist.obs)
282  ListDeleteString                                   isrt.obl(scrlist.obs)
283  ListDestroy                                        isrt.obl(scrlist.obs)
284  ListFindString                                     isrt.obl(scrlist.obs)
285  ListGetFirstItem                                   isrt.obl(scrlist.obs)
286  ListGetFirstString                                 isrt.obl(scrlist.obs)
287  ListGetNextItem                                    isrt.obl(scrlist.obs)
288  ListGetNextString                                  isrt.obl(scrlist.obs)
289  ListGetType                                        isrt.obl(scrlist.obs)
290  ListSetIndex                                       isrt.obl(scrlist.obs)
291  LongPathFromShortPath                              isrt.obl(Str.obs)
292  LongPathToQuote                                    isrt.obl(Str.obs)
293  LongPathToShortPath                                isrt.obl(Str.obs)
294  MAKELONG                                           isrt.obl(Misc.obs)
295  MIFCreateMIFFile                                   isrt.obl(MIF.obs)
296  MIFDeleteMIFFile                                   isrt.obl(MIF.obs)
297  MIFInitialize                                      isrt.obl(MIF.obs)
298  MIFSetInformation                                  isrt.obl(MIF.obs)
299  MIFUnInitialize                                    isrt.obl(MIF.obs)
300  MIFWasSetInformationCalled                         isrt.obl(MIF.obs)
301  MIOShutdown                                        isrt.obl(MIO.obs)
302  MIOStartup                                         isrt.obl(MIO.obs)
303  MaintenanceStart                                   isrt.obl(Registry.obs)
304  MessageBeep                                        isrt.obl(Misc.obs)
305  MessageBox                                         isrt.obl(MsgBox.obs)
306  OnAbort                                            ifx.obl(Events.obs)
307  OnAppSearch                                        ifx.obl(Events.obs)
308  OnBegin                                            Setup.Obs
309  OnCCPSearch                                        ifx.obl(Events.obs)
310  OnCanceling                                        ifx.obl(EventsMIO.obs)
311  OnComponentError                                   ifx.obl(Exceptions.obs)
312  OnEnd                                              Setup.Obs
313  OnFileError                                        ifx.obl(Exceptions.obs)
314  OnFileLocked                                       ifx.obl(Exceptions.obs)
315  OnFileReadOnly                                     ifx.obl(Exceptions.obs)
316  OnFirstUIAfter                                     Setup.Obs
317  OnFirstUIBefore                                    Setup.Obs
318  OnHelp                                             ifx.obl(Events.obs)
319  OnInternetError                                    ifx.obl(Exceptions.obs)
320  OnMD5Error                                         ifx.obl(Exceptions.obs)
321  OnMaintUIAfter                                     Setup.Obs
322  OnMaintUIBefore                                    Setup.Obs
323  OnMoved                                            ifx.obl(Events.obs)
324  OnMoving                                           Setup.Obs
325  OnNextDisk                                         ifx.obl(Exceptions.obs)
326  OnRebooted                                         ifx.obl(Events.obs)
327  OnRemovingSharedFile                               ifx.obl(Exceptions.obs)
328  OnSelfRegistrationError                            ifx.obl(Events.obs)
329  OnUnhandledException                               ifx.obl(Events.obs)
330  OpenFileMode                                       isrt.obl(Files.obs)
331  ParsePath                                          isrt.obl(Str.obs)
332  ProgDefGroupType                                   isrt.obl(Shell.obs)
333  ProgGetGroupType                                   isrt.obl(Shell.obs)
334  PthFixPath                                         isrt.obl(Pth.obs)
335  PthIsAbsPath                                       isrt.obl(Pth.obs)
336  ReadProperties                                     ifx.obl(PersistPropertyBag.obs)
337  Rebooted                                           isrt.obl(Driver.obs)
338  RegDBGetKeyValueEx                                 isrt.obl(Registry.obs)
339  RegDBInit                                          isrt.obl(Registry.obs)
340  RegDBQueryValue                                    isrt.obl(Registry.obs)
341  RegDBSetDefaultRoot                                isrt.obl(Registry.obs)
342  RegDBSetItem                                       isrt.obl(Registry.obs)
343  RegDBSetValue                                      isrt.obl(Registry.obs)
344  ReleaseDialog                                      isrt.obl(CustomDlg.obs)
345  SdAskDestPath                                      isrt.obl(SDADPATH.obs)
346  SdCloseDlg                                         isrt.obl(SDINT.obs)
347  SdComponentDlgCheckSpace                           isrt.obl(SDINT.obs)
348  SdComponentTree                                    isrt.obl(SDCOMTREE.obs)
349  SdDlgToTop                                         isrt.obl(SDINT.obs)
350  SdDoStdButton                                      isrt.obl(SDINT.obs)
351  SdEnablement                                       isrt.obl(SDINT.obs)
352  SdError                                            isrt.obl(SDINT.obs)
353  SdExceptions                                       isrt.obl(SdExceptions.obs)
354  SdFinish                                           isrt.obl(SDFINISH.obs)
355  SdFinishEx                                         isrt.obl(SdFinishEx.obs)
356  SdFinishReboot                                     isrt.obl(SDFINBOT.obs)
357  SdGeneralInit                                      isrt.obl(SDINT.obs)
358  SdInit                                             isrt.obl(SDINT.obs)
359  SdIsStdButton                                      isrt.obl(SDINT.obs)
360  SdLoadString                                       isrt.obl(SDINT.obs)
361  SdMakeName                                         isrt.obl(SDINT.obs)
362  SdPlugInProductName                                isrt.obl(SDINT.obs)
363  SdProductName                                      isrt.obl(SDPRODCT.obs)
364  SdSetDlgTitle                                      isrt.obl(SDINT.obs)
365  SdSetStatic                                        isrt.obl(SDINT.obs)
366  SdShowMsg                                          isrt.obl(SDSMSG.obs)
367  SdUnInit                                           isrt.obl(SDINT.obs)
368  SdWelcome                                          isrt.obl(SDWEL.obs)
369  SdWelcomeMaint                                     isrt.obl(SdWelcomeMaint.obs)
370  SelectDir                                          isrt.obl(SelectDir.obs)
371  SelectDirNoLog                                     isrt.obl(SelectDir.obs)
372  SendMessage                                        isrt.obl(Misc.obs)
373  SetCmdLine                                         isrt.obl(SysVars.obs)
374  SetDialogTitle                                     isrt.obl(Dialogs.obs)
375  SetDisplayEffect                                   isrt.obl(ui.obs)
376  SetFolderDesktop                                   isrt.obl(SysVars.obs)
377  SetFolderPrograms                                  isrt.obl(SysVars.obs)
378  SetFolderStartMenu                                 isrt.obl(SysVars.obs)
379  SetFolderStartup                                   isrt.obl(SysVars.obs)
380  SetInstallationInfo                                isrt.obl(Registry.obs)
381  SetStatusWindow                                    isrt.obl(ui.obs)
382  SetTitle                                           isrt.obl(ui.obs)
383  ShowObjWizardPages                                 isrt.obl(Objects.obs)
384  ShowWizardPages                                    isrt.obl(Driver.obs)
385  SilentCreateFile                                   isrt.obl(Silent.obs)
386  SilentDoGeneralInfo                                isrt.obl(Silent.obs)
387  SilentFailed                                       isrt.obl(Silent.obs)
388  SilentFinish                                       isrt.obl(Silent.obs)
389  SilentGetMode                                      isrt.obl(Silent.obs)
390  SilentInit                                         isrt.obl(Silent.obs)
391  SilentLogWriteData                                 isrt.obl(Silent.obs)
392  SilentReadData                                     isrt.obl(Silent.obs)
393  SilentSetInfo                                      isrt.obl(Silent.obs)
394  SilentSetMode                                      isrt.obl(Silent.obs)
395  SilentWriteData                                    isrt.obl(Silent.obs)
396  Sprintf                                            isrt.obl(Str.obs)
397  SprintfBox                                         isrt.obl(MsgBox.obs)
398  StatusUpdate                                       isrt.obl(ui.obs)
399  StrGetTokens                                       isrt.obl(Str.obs)
400  StrLength                                          isrt.obl(Str.obs)
401  StrRemoveLastSlash                                 isrt.obl(Str.obs)
402  StrRemoveSpaces                                    isrt.obl(Str.obs)
403  StrToUpper                                         isrt.obl(Str.obs)
404  SysVarsInit                                        isrt.obl(SysVars.obs)
405  SysVarsUnInit                                      isrt.obl(SysVars.obs)
406  System                                             isrt.obl(Misc.obs)
407  TreeViewCreate                                     isrt.obl(CmptView.obs)
408  USER.EnableWindow                                  Setup.Obs
409  USER.GetClassName                                  Setup.Obs
410  USER.GetClientRect                                 Setup.Obs
411  USER.GetDC                                         Setup.Obs
412  USER.GetDlgItem                                    Setup.Obs
413  USER.GetFocus                                      Setup.Obs
414  USER.GetWindowLong                                 Setup.Obs
415  USER.GetWindowRect                                 Setup.Obs
416  USER.IsIconic                                      Setup.Obs
417  USER.IsWindow                                      Setup.Obs
418  USER.IsWindowVisible                               isrt.obl(AskDestPath.obs)
419  USER.MoveWindow                                    Setup.Obs
420  USER.ReleaseDC                                     Setup.Obs
421  USER.SendMessageA                                  isrt.obl(AskDestPath.obs)
422  USER.SetFocus                                      Setup.Obs
423  USER.SetForegroundWindow                           isrt.obl(AskDestPath.obs)
424  USER.SetWindowPos                                  Setup.Obs
425  USER.SetWindowText                                 Setup.Obs
426  USER.ShowWindow                                    Setup.Obs
427  USER32.CharUpperBuffA                              isrt.obl(AskDestPath.obs)
428  USER32.DrawText                                    isrt.obl(AskDestPath.obs)
429  USER32.GetSystemMetrics                            isrt.obl(AskDestPath.obs)
430  USER32.GetWindowText                               isrt.obl(AskDestPath.obs)
431  USER32.GetWindowTextLength                         isrt.obl(AskDestPath.obs)
432  USER32.MessageBoxA                                 isrt.obl(AskDestPath.obs)
433  USER32.ScreenToClient                              isrt.obl(AskDestPath.obs)
434  USER32.SendMessageA                                isrt.obl(AskDestPath.obs)
435  USER32.SetWindowLong                               isrt.obl(AskDestPath.obs)
436  USER32.SetWindowRgn                                isrt.obl(AskDestPath.obs)
437  VarRestore                                         isrt.obl(SysVars.obs)
438  VarSave                                            isrt.obl(SysVars.obs)
439  WaitOnDialog                                       isrt.obl(CustomDlg.obs)
440  WriteLine                                          isrt.obl(Files.obs)
441  WriteProfString                                    isrt.obl(Profile.obs)
442  WriteProperties                                    ifx.obl(PersistPropertyBag.obs)
443  _HandleException                                   isrt.obl(exceptions.obs)
444  _WinSubEnableControl                               isrt.obl(WINSUB.obs)
445  _WinSubEnableWindow                                isrt.obl(WINSUB.obs)
446  _WinSubGetChildWindow                              isrt.obl(WINSUB.obs)
447  _WinSubIsWindow                                    isrt.obl(WINSUB.obs)
448  __DefaultExitHandler                               isrt.obl(handlers.obs)
449  __ISRTDoExit                                       isrt.obl(Misc.obs)
450  __ISRTInit                                         isrt.obl(ISRTInit.obs)
451  __ISRTRestoreMainLog                               isrt.obl(ISRTInit.obs)
452  __ISRTSetComponentLog                              isrt.obl(ISRTInit.obs)
453  __ISRTUnInit                                       isrt.obl(ISRTInit.obs)
454  __LoadIScriptString                                isrt.obl(LoadStr.obs)
455  program                                            ifx.obl(Driver.obs)
456  sfc.SRSetRestorePoint                              Setup.Obs
457  solstart.ProcessID                                 Setup.Obs


***** External Variables *****
1    BATCH_INSTALL                                      Setup.Obs
2    CMDLINE                                            isrt.obl(DebugSymbols.obs)
3    COMMONFILES                                        isrt.obl(DebugSymbols.obs)
4    DISK1TARGET                                        Setup.Obs
5    ERRORFILENAME                                      Setup.Obs
6    Err                                                Setup.Obs
7    FILETIME                                           isrt.obl(AskDestPath.obs)
8    FIND_DATA                                          isrt.obl(AskDestPath.obs)
9    FOLDER_DESKTOP                                     isrt.obl(DebugSymbols.obs)
10   FOLDER_PROGRAMS                                    isrt.obl(DebugSymbols.obs)
11   FOLDER_STARTMENU                                   isrt.obl(DebugSymbols.obs)
12   FOLDER_STARTUP                                     isrt.obl(DebugSymbols.obs)
13   FileRegistrar                                      Setup.Obs
14   ISRES                                              isrt.obl(DebugSymbols.obs)
15   ISUSER                                             isrt.obl(DebugSymbols.obs)
16   ISVERSION                                          isrt.obl(DebugSymbols.obs)
17   InetSRCDIR                                         Setup.Obs
18   LAST_RESULT                                        Setup.Obs
19   LogDB                                              Setup.Obs
20   MAINTENANCE                                        isrt.obl(DebugSymbols.obs)
21   MEDIA                                              Setup.Obs
22   MODE                                               isrt.obl(DebugSymbols.obs)
23   MainWindow                                         Setup.Obs
24   NOTHING                                            Setup.Obs
25   OSINFO_PLATFORM_INFO                               Setup.Obs
26   OSTYPE                                             Setup.Obs
27   OSVERSIONINFO                                      isrt.obl(AskDestPath.obs)
28   OSVERSIONINFOEX                                    isrt.obl(AskDestPath.obs)
29   Objects                                            Setup.Obs
30   PRODUCT_GUID                                       isrt.obl(DebugSymbols.obs)
31   PROGRAMFILES                                       isrt.obl(DebugSymbols.obs)
32   RECT                                               isrt.obl(AskDestPath.obs)
33   Reboot                                             Setup.Obs
34   SELECTED_LANGUAGE                                  isrt.obl(DebugSymbols.obs)
35   SHELL_OBJECT_FOLDER                                Setup.Obs
36   SRCDIR                                             Setup.Obs
37   SRCDISK                                            isrt.obl(DebugSymbols.obs)
38   SUPPORTDIR                                         isrt.obl(DebugSymbols.obs)
39   SYSTEMTIME                                         isrt.obl(AskDestPath.obs)
40   SetupInfo                                          Setup.Obs
41   StatusDlg                                          Setup.Obs
42   TARGETDIR                                          Setup.Obs
43   TARGETDISK                                         isrt.obl(DebugSymbols.obs)
44   TextSub                                            Setup.Obs
45   UNINST                                             Setup.Obs
46   UNINSTALLTYPE                                      Setup.Obs
47   UNINSTALL_STRING                                   Setup.Obs
48   WINDIR                                             isrt.obl(DebugSymbols.obs)
49   WINDISK                                            isrt.obl(DebugSymbols.obs)
50   WINSYSDIR                                          isrt.obl(DebugSymbols.obs)
51   WINSYSDISK                                         isrt.obl(DebugSymbols.obs)
52   _INT64                                             Setup.Obs
53   _RESTOREINFO_                                      Setup.Obs
54   _RESTOREPTINFO                                     Setup.Obs
55   _SMGRSTATUS                                        Setup.Obs
56   _SMGSTATUS_                                        Setup.Obs
57   _WIN9X                                             Setup.Obs
58   _WINNT                                             Setup.Obs
59   __SYSTEMINFORMATION                                Setup.Obs
60   __hContext                                         isrt.obl(AskYesNo.obs)
61   __objGlobalTextSub                                 Setup.Obs
62   __szGUID                                           isrt.obl(ISRTInit.obs)
63   bBackButton                                        Setup.Obs
64   bCancelButton                                      Setup.Obs
65   bEnterDiskBeep                                     isrt.obl(AskDestPath.obs)
66   bFinishButton                                      Setup.Obs
67   bIFXLFNoToAll                                      Setup.Obs
68   bIFXLFOnRebootToAll                                Setup.Obs
69   bIFXLFYesToAll                                     Setup.Obs
70   bIFXMD5IgnoreToAll                                 Setup.Obs
71   bIFXRONoToAll                                      Setup.Obs
72   bIFXROYesToAll                                     Setup.Obs
73   bIFXSFNoToAll                                      Setup.Obs
74   bIFXSFYesToAll                                     Setup.Obs
75   bIfxPCHInitialized                                 Setup.Obs
76   bIfxPCHOn                                          Setup.Obs
77   bInstall16                                         Setup.Obs
78   bNextButton                                        Setup.Obs
79   bSdInit                                            Setup.Obs
80   bViewCmptKunits                                    Setup.Obs
81   bViewCmptUseDecimal                                Setup.Obs
82   g_bSuppressMissingStringWarning                    isrt.obl(Enable.obs)
83   nIFXROKey                                          ifx.obl(EventsMIO.obs)
84   nIFXSFKey                                          ifx.obl(EventsMIO.obs)
85   nIfxPCHType                                        Setup.Obs
86   szAppKey                                           Setup.Obs
87   szInstallDeinstKey                                 Setup.Obs
88   szSdProduct                                        Setup.Obs
89   szSdStr_NotEnoughSpace                             Setup.Obs
